src/server.ts(5,20): error TS2307: Cannot find module 'bcryptjs' or its corresponding type declarations.
src/server.ts(6,17): error TS2307: Cannot find module 'jsonwebtoken' or its corresponding type declarations.
